
> react-kavia@0.1.0 start
> cross-env EDIT_MODE=true webpack serve --config .ve/webpack.config.js --mode development

<i> [webpack-dev-server] Project is running at:
<i> [webpack-dev-server] Loopback: http://localhost:3000/, http://[::1]:3000/
<i> [webpack-dev-server] On Your Network (IPv4): http://172.17.0.2:3000/
<i> [webpack-dev-server] Content not from webpack is served from './public' directory
Injecting EditorRootWrapper import: ../.ve/EditorRootWrapper
asset bundle.js 1.41 MiB [emitted] (name: main)
asset index.html 1.98 KiB [emitted]
runtime modules 27.5 KiB 14 modules
modules by path ./node_modules/ 1.24 MiB 31 modules
modules by path ./src/ 22.8 KiB
  modules by path ./src/*.css 12.4 KiB 4 modules
  modules by path ./src/*.js 10.4 KiB
    ./src/index.js 530 bytes [built] [code generated]
    ./src/App.js 9.89 KiB [built] [code generated]
modules by path ./.ve/ 15.1 KiB
  modules by path ./.ve/*.js 10.6 KiB 2 modules
  modules by path ./.ve/*.css 2.93 KiB
    ./.ve/EditorOverlay.css 2.25 KiB [built] [code generated]
    ./node_modules/css-loader/dist/cjs.js!./.ve/EditorOverlay.css 697 bytes [built] [code generated]
  ./.ve/EditorOverlay.jsx 1.58 KiB [built] [code generated]
webpack 5.99.9 compiled successfully in 1555 ms
assets by status 1.98 KiB [cached] 1 asset
assets by path *.js 1.42 MiB
  asset bundle.js 1.41 MiB [emitted] (name: main)
  asset main.6e26ae3fc91fbcc369e8.hot-update.js 14.4 KiB [emitted] [immutable] [hmr] (name: main)
asset main.6e26ae3fc91fbcc369e8.hot-update.json 28 bytes [emitted] [immutable] [hmr]
Entrypoint main 1.42 MiB = bundle.js 1.41 MiB main.6e26ae3fc91fbcc369e8.hot-update.js 14.4 KiB
cached modules 1.27 MiB [cached] 41 modules
runtime modules 27.5 KiB 14 modules
./src/App.js 9.9 KiB [built] [code generated]
webpack 5.99.9 compiled successfully in 277 ms
assets by status 1.98 KiB [cached] 1 asset
assets by path *.js 1.42 MiB
  asset bundle.js 1.41 MiB [emitted] (name: main)
  asset main.b21aab10a8fee10fa620.hot-update.js 15.3 KiB [emitted] [immutable] [hmr] (name: main)
asset main.b21aab10a8fee10fa620.hot-update.json 28 bytes [emitted] [immutable] [hmr]
Entrypoint main 1.42 MiB = bundle.js 1.41 MiB main.b21aab10a8fee10fa620.hot-update.js 15.3 KiB
cached modules 1.27 MiB [cached] 41 modules
runtime modules 27.5 KiB 14 modules
./src/App.js 10.6 KiB [built] [code generated]
webpack 5.99.9 compiled successfully in 114 ms
assets by status 1.98 KiB [cached] 1 asset
assets by path *.js 1.42 MiB
  asset bundle.js 1.41 MiB [emitted] (name: main)
  asset main.e9533150c9cda2c4a63f.hot-update.js 15.3 KiB [emitted] [immutable] [hmr] (name: main)
asset main.e9533150c9cda2c4a63f.hot-update.json 28 bytes [emitted] [immutable] [hmr]
Entrypoint main 1.42 MiB = bundle.js 1.41 MiB main.e9533150c9cda2c4a63f.hot-update.js 15.3 KiB
cached modules 1.27 MiB [cached] 41 modules
runtime modules 27.5 KiB 14 modules
./src/App.js 10.7 KiB [built] [code generated]
webpack 5.99.9 compiled successfully in 113 ms
assets by status 1.98 KiB [cached] 1 asset
assets by path *.js 1.43 MiB
  asset bundle.js 1.41 MiB [emitted] (name: main)
  asset main.6ac48bde706791d57b3d.hot-update.js 17.7 KiB [emitted] [immutable] [hmr] (name: main)
asset main.6ac48bde706791d57b3d.hot-update.json 28 bytes [emitted] [immutable] [hmr]
Entrypoint main 1.43 MiB = bundle.js 1.41 MiB main.6ac48bde706791d57b3d.hot-update.js 17.7 KiB
cached modules 1.27 MiB [cached] 41 modules
runtime modules 27.5 KiB 14 modules
./src/App.js 12.6 KiB [built] [code generated]
webpack 5.99.9 compiled successfully in 79 ms
assets by status 1.98 KiB [cached] 1 asset
assets by path *.js 1.42 MiB
  asset bundle.js 1.41 MiB [emitted] (name: main)
  asset main.d80b480343be1c92136c.hot-update.js 10.4 KiB [emitted] [immutable] [hmr] (name: main)
asset main.d80b480343be1c92136c.hot-update.json 28 bytes [emitted] [immutable] [hmr]
Entrypoint main 1.42 MiB = bundle.js 1.41 MiB main.d80b480343be1c92136c.hot-update.js 10.4 KiB
cached modules 1.27 MiB [cached] 41 modules
runtime modules 27.5 KiB 14 modules
./node_modules/css-loader/dist/cjs.js!./src/App.css 7.66 KiB [built] [code generated]
webpack 5.99.9 compiled successfully in 81 ms
assets by status 1.98 KiB [cached] 1 asset
assets by path *.js 1.43 MiB
  asset bundle.js 1.41 MiB [emitted] (name: main)
  asset main.089bf87d6e2b34ff93de.hot-update.js 13.7 KiB [emitted] [immutable] [hmr] (name: main)
asset main.089bf87d6e2b34ff93de.hot-update.json 28 bytes [emitted] [immutable] [hmr]
Entrypoint main 1.43 MiB = bundle.js 1.41 MiB main.089bf87d6e2b34ff93de.hot-update.js 13.7 KiB
cached modules 1.27 MiB [cached] 41 modules
runtime modules 27.5 KiB 14 modules
./node_modules/css-loader/dist/cjs.js!./src/App.css 10.8 KiB [built] [code generated]
webpack 5.99.9 compiled successfully in 48 ms
assets by status 1.98 KiB [cached] 1 asset
assets by path *.js 1.43 MiB
  asset bundle.js 1.41 MiB [emitted] (name: main)
  asset main.d4be7039727b2d53e8bb.hot-update.js 13.9 KiB [emitted] [immutable] [hmr] (name: main)
asset main.d4be7039727b2d53e8bb.hot-update.json 28 bytes [emitted] [immutable] [hmr]
Entrypoint main 1.43 MiB = bundle.js 1.41 MiB main.d4be7039727b2d53e8bb.hot-update.js 13.9 KiB
cached modules 1.27 MiB [cached] 41 modules
runtime modules 27.5 KiB 14 modules
./node_modules/css-loader/dist/cjs.js!./src/App.css 11 KiB [built] [code generated]
webpack 5.99.9 compiled successfully in 101 ms
